C51 COMPILER V9.51   USER                                                                  05/08/2015 22:55:52 PAGE 1   


C51 COMPILER V9.51, COMPILATION OF MODULE USER
OBJECT MODULE PLACED IN USER.OBJ
COMPILER INVOKED BY: d:\Keil\C51\BIN\C51.EXE USER.c LARGE OPTIMIZE(9,SPEED) BROWSE DEBUG OBJECTEXTEND TABS(2)

line level    source

   1          /**********************用户函数文件*********************************
   2          *  晶振:11.0592MHZ
   3          *  定时器1 外部中断0 编码器
   4          ******************************************************************/
   5          
   6          /**********************包含文件*******************/
   7          #include "head.h"
   8          /*********************************全局变初始化***********************************/
   9          uchar speed = 0;            
  10          uchar mcs = 0;          
  11          uint Data_Show = 0;  
  12          uint user_count = 0;
  13          uint user_time = 0;
  14          //uint pwm_count = 0;
  15          /******************************************************************************/
  16          /* 函数名称  : USER_Timer_Init                                                */
  17          /* 函数描述  : 用户定时器初始化                                               */
  18          /* 输入参数  : void                                                           */
  19          /* 参数描述  : 无                                                             */
  20          /* 返回值    : 无                                                             */
  21          /******************************************************************************/  
  22          void USER_Timer_Init(void)
  23          {
  24   1        EA = 0;
  25   1        PT1 = 1;       
  26   1        PX0 = 0; //外部优先级降低
  27   1        TMOD &= 0X0F;//清掉定时器1
  28   1        TMOD |= 0x10;//设置定时器1
  29   1        //IE = 0x89;      
  30   1        TH1 = 0x4c;     
  31   1        TL1 = 0x00; 
  32   1        ET1 = 1;        
  33   1        TR1 = 1;      
  34   1        
  35   1        IT0 = 1;  //下降沿触发  问题之最      
  36   1        EX0 = 1;      
  37   1        //EA = 1;         
  38   1      }
  39          
  40          
  41          /******************************************************************************/
  42          /* 函数名称  : USER_T1_time                                                   */
  43          /* 函数描述  : 编码器定时器                                                   */
  44          /* 输入参数  : void                                                           */
  45          /* 参数描述  : 无                                                             */
  46          /* 返回值    : 无                                                             */
  47          /******************************************************************************/  
  48          void USER_T1_time(void) interrupt 3
  49          {
  50   1        TR1 = 0;
  51   1        TH1 = 0x4c;  
  52   1        TL1 = 0x00;
  53   1        user_count++;
  54   1        //pwm_count++;
  55   1        if(user_count >= 20)//1s
C51 COMPILER V9.51   USER                                                                  05/08/2015 22:55:52 PAGE 2   

  56   1        {
  57   2          EX0 = 0;
  58   2          user_count = 0;
  59   2          user_time++;
  60   2          Data_Show = mcs*2.502;   //编码器算法
  61   2          mcs = 0;
  62   2          //if(user_time % 10 == 0)//10s累加一次
  63   2          if(user_time % 10 == 0)
  64   2            trip_data += (mps_data / 360); //里程累加
  65   2          EX0 = 1;
  66   2        }
  67   1        TR1 = 1;
  68   1      }
  69          
  70          /******************************************************************************/
  71          /* 函数名称  : USER_Ex_INT0                                                   */
  72          /* 函数描述  : 编码器外部中断                                                 */
  73          /* 输入参数  : void                                                           */
  74          /* 参数描述  : 无                                                             */
  75          /* 返回值    : 无                                                             */
  76          /******************************************************************************/  
  77          void Ex_INT0() interrupt 0
  78          {
  79   1        mcs++;
  80   1      }


MODULE INFORMATION:   STATIC OVERLAYABLE
   CODE SIZE        =    283    ----
   CONSTANT SIZE    =   ----    ----
   XDATA SIZE       =      8    ----
   PDATA SIZE       =   ----    ----
   DATA SIZE        =   ----    ----
   IDATA SIZE       =   ----    ----
   BIT SIZE         =   ----    ----
END OF MODULE INFORMATION.


C51 COMPILATION COMPLETE.  0 WARNING(S),  0 ERROR(S)
